// Jest Snapshot v1, https://goo.gl/fbAQLP

exports[`works correctly 1`] = `
"
const applicationName = \\"@reimagined/scripts\\"

export default applicationName
"
`;
