// Jest Snapshot v1, https://goo.gl/fbAQLP

exports[`works correctly 1`] = `
"

    import '$resolve.guardOnlyServer'

    export { default as entryPointMarker } from '@reimagined/runtime/lib/common/utils/entry-point-marker'

    const handler = async (...args) => {
      try {
        if(!global.initPromise) {
          const interopRequireDefault = require('@babel/runtime/helpers/interopRequireDefault')

          global.serverAssemblies = interopRequireDefault(
            require('$resolve.serverAssemblies')
          ).default
          global.cloudEntry = interopRequireDefault(
            require('@reimagined/runtime/lib/cloud')
          ).default

          global.initPromise = cloudEntry(serverAssemblies)
        }
        const worker = await initPromise
        return await worker(...args)
      } catch(error) {
        console.error('Lambda fatal error: ', error)
        throw error
      }
    }

    export default handler

"
`;
